00:03.813  blend            | Read blend: "C:\Users\bremo\Downloads\blender file.blend1"
<<< character meshes: ['Body', 'Eye', 'Hair', 'Teeth', 'Tongue']
<<< Hair is bone-parented to 'head', which is not a deform bone; riding DEF-spine.006 instead (rest poses agree to 1.79e-07)
<<< muted external constraints for this bake: HeadTrack.001 x2
<<< elbow.L roll +44.0 deg -> (0.195, -0.040, 1.173)  [swept x 0.011..0.209]
<<< elbow.R roll -46.0 deg -> (-0.176, -0.019, 1.164)  [swept x -0.189..-0.019]
<<< lid.L closes on local axis 1, offset -0.0181 (probe drop 0.0147 -> target 0.0267)
<<< lid.R closes on local axis 1, offset -0.0182 (probe drop 0.0147 -> target 0.0267)
<<< baked 435 frames (75 intro + 360 loop) over 67 bones
<<< bones: 171 weighted -> 159 moving (+1 shared static slot)
<<< rigid bind Hair: 'head' -> DEF-spine.006 reproduces the parent to 0.0001 cm
<<< validated 13 batches: UVs, positions and bone slots all in range
<<< batches 13  vertices 45704  triangles 60330
<<< clips: 75 intro frames + 360 loop frames at 30 fps
<<< intro/loop join: worst matrix element differs by 0.000000
<<< wrote F:\AndroidStudioProjects\Prism\app\src\main\assets\3dmodels\Aether.pskn 5893617 bytes
<<< DONE
Blender 5.2.0 LTS (hash fbe6228777e7 built 2026-07-14 01:35:40)
scripts disabled for "C:\Users\bremo\Downloads\blender file.blend1", skipping 'rig_ui.py'

Blender quit
EXIT=0
