Starting a Gradle Daemon, 2 busy and 1 incompatible and 7 stopped Daemons could not be reused, use --status for details
> Task :app:extractDebugPythonBuildPackages UP-TO-DATE

> Task :app:generateDebugPythonRequirements
Chaquopy: Installing for arm64-v8a
Looking in indexes: https://pypi.org/simple, https://chaquo.com/pypi-13.1
Collecting tensorflow==2.1.0
  Using cached https://chaquo.com/pypi-13.1/tensorflow/tensorflow-2.1.0-9-cp38-cp38-android_21_arm64_v8a.whl (68.8 MB)
Collecting protobuf==3.11.3
  Using cached protobuf-3.11.3-py2.py3-none-any.whl (434 kB)
Collecting numpy
  Using cached https://chaquo.com/pypi-13.1/numpy/numpy-1.19.5-0-cp38-cp38-android_21_arm64_v8a.whl (3.8 MB)
Collecting scipy
  Using cached https://chaquo.com/pypi-13.1/scipy/scipy-1.4.1-0-cp38-cp38-android_21_arm64_v8a.whl (15.8 MB)
Collecting pandas
  Using cached https://chaquo.com/pypi-13.1/pandas/pandas-1.3.2-0-cp38-cp38-android_21_arm64_v8a.whl (9.8 MB)
Collecting scikit-learn
  Using cached https://chaquo.com/pypi-13.1/scikit-learn/scikit_learn-1.1.3-1-cp38-cp38-android_21_arm64_v8a.whl (7.0 MB)
Collecting nltk
  Using cached nltk-3.9.1-py3-none-any.whl (1.5 MB)
Collecting h5py
  Using cached https://chaquo.com/pypi-13.1/h5py/h5py-2.10.0-1-cp38-cp38-android_21_arm64_v8a.whl (978 kB)
Collecting keras-applications>=1.0.8
  Using cached Keras_Applications-1.0.8-py3-none-any.whl (50 kB)
Collecting keras-preprocessing>=1.1.0
  Using cached Keras_Preprocessing-1.1.2-py2.py3-none-any.whl (42 kB)
Collecting google-pasta>=0.1.6
  Using cached google_pasta-0.2.0-py3-none-any.whl (57 kB)
Collecting wrapt>=1.11.1
  Using cached wrapt-2.0.1-py3-none-any.whl (44 kB)
Collecting six>=1.12.0
  Using cached six-1.17.0-py2.py3-none-any.whl (11 kB)
Collecting grpcio>=1.8.6
  Using cached https://chaquo.com/pypi-13.1/grpcio/grpcio-1.59.3-0-cp38-cp38-android_21_arm64_v8a.whl (3.5 MB)
Collecting wheel>=0.26; python_version >= "3"
  Using cached wheel-0.45.1-py3-none-any.whl (72 kB)
Collecting absl-py>=0.7.0
  Using cached absl_py-2.3.1-py3-none-any.whl (135 kB)
Collecting tensorboard<2.2.0,>=2.1.0
  Using cached tensorboard-2.1.1-py3-none-any.whl (3.8 MB)
Collecting chaquopy-libcxx>=7000
  Using cached https://chaquo.com/pypi-13.1/chaquopy-libcxx/chaquopy_libcxx-180000-0-py3-none-android_24_arm64_v8a.whl (413 kB)
Processing c:\users\bremo\appdata\local\chaquopy\pip\cache\wheels\46\4c\1b\cf817fbe156a412b687a944f70e87c2789a7f925d8dd687eb5\gast-0.2.2-py3-none-any.whl
Collecting opt-einsum>=2.3.2
  Using cached opt_einsum-3.4.0-py3-none-any.whl (71 kB)
Collecting tensorflow-estimator<2.2.0,>=2.1.0rc0
  Using cached tensorflow_estimator-2.1.0-py2.py3-none-any.whl (448 kB)
Collecting astor>=0.6.0
  Using cached astor-0.8.1-py2.py3-none-any.whl (27 kB)
Collecting termcolor>=1.1.0
  Using cached termcolor-2.4.0-py3-none-any.whl (7.7 kB)
Collecting setuptools
  Using cached setuptools-75.3.4-py3-none-any.whl (1.3 MB)
Collecting chaquopy-libgfortran>=4.9
  Using cached https://chaquo.com/pypi-13.1/chaquopy-libgfortran/chaquopy_libgfortran-4.9-0-py3-none-android_21_arm64_v8a.whl (495 kB)
Collecting chaquopy-openblas>=0.2.20
  Using cached https://chaquo.com/pypi-13.1/chaquopy-openblas/chaquopy_openblas-0.2.20-5-py3-none-android_21_arm64_v8a.whl (4.3 MB)
Collecting python-dateutil>=2.7.3
  Using cached python_dateutil-2.9.0.post0-py2.py3-none-any.whl (229 kB)
Collecting pytz>=2017.3
  Using cached pytz-2026.3.post1-py2.py3-none-any.whl (508 kB)
Collecting threadpoolctl>=2.0.0
  Using cached threadpoolctl-3.5.0-py3-none-any.whl (18 kB)
Collecting chaquopy-libomp>=9.0.9
  Using cached https://chaquo.com/pypi-13.1/chaquopy-libomp/chaquopy_libomp-9.0.9-0-py3-none-android_21_arm64_v8a.whl (240 kB)
Collecting joblib>=1.0.0
  Using cached joblib-1.4.2-py3-none-any.whl (301 kB)
Collecting click
  Using cached click-8.1.8-py3-none-any.whl (98 kB)
Collecting regex>=2021.8.3
  Using cached https://chaquo.com/pypi-13.1/regex/regex-2023.10.3-0-cp38-cp38-android_21_arm64_v8a.whl (284 kB)
Collecting tqdm
  Using cached tqdm-4.70.0-py3-none-any.whl (80 kB)
Collecting chaquopy-hdf5>=1.10.2
  Using cached https://chaquo.com/pypi-13.1/chaquopy-hdf5/chaquopy_hdf5-1.10.2-1-py3-none-android_21_arm64_v8a.whl (2.0 MB)
Collecting google-auth-oauthlib<0.5,>=0.4.1
  Using cached google_auth_oauthlib-0.4.6-py2.py3-none-any.whl (18 kB)
Collecting requests<3,>=2.21.0
  Using cached requests-2.32.4-py3-none-any.whl (64 kB)
Collecting werkzeug>=0.11.15
  Using cached werkzeug-3.0.6-py3-none-any.whl (227 kB)
Collecting markdown>=2.6.8
  Using cached Markdown-3.7-py3-none-any.whl (106 kB)
Collecting google-auth<2,>=1.6.3
  Using cached google_auth-1.35.0-py2.py3-none-any.whl (152 kB)
Collecting requests-oauthlib>=0.7.0
  Using cached requests_oauthlib-2.0.0-py2.py3-none-any.whl (24 kB)
Collecting idna<4,>=2.5
  Using cached idna-3.15-py3-none-any.whl (72 kB)
Collecting charset_normalizer<4,>=2
  Using cached charset_normalizer-3.5.1-py3-none-any.whl (68 kB)
Collecting urllib3<3,>=1.21.1
  Using cached urllib3-2.2.3-py3-none-any.whl (126 kB)
Collecting certifi>=2017.4.17
  Using cached certifi-2026.7.22-py3-none-any.whl (136 kB)
Processing c:\users\bremo\appdata\local\chaquopy\pip\cache\wheels\c2\0c\c0\d6d953ac80cacc2dd1d329d675c67d1e7775bad02a8faedef0\markupsafe-2.1.5-py3-none-any.whl
Collecting importlib-metadata>=4.4; python_version < "3.10"
  Using cached importlib_metadata-8.5.0-py3-none-any.whl (26 kB)
Collecting cachetools<5.0,>=2.0.0
  Using cached cachetools-4.2.4-py3-none-any.whl (10 kB)
Collecting pyasn1-modules>=0.2.1
  Using cached pyasn1_modules-0.4.2-py3-none-any.whl (181 kB)
Collecting rsa<5,>=3.1.4; python_version >= "3.6"
  Using cached rsa-4.9.1-py3-none-any.whl (34 kB)
Collecting oauthlib>=3.0.0
  Using cached oauthlib-3.3.1-py3-none-any.whl (160 kB)
Collecting zipp>=3.20
  Using cached zipp-3.20.2-py3-none-any.whl (9.2 kB)
Collecting pyasn1<0.7.0,>=0.6.1
  Using cached pyasn1-0.6.4-py3-none-any.whl (84 kB)
Installing collected packages: six, setuptools, protobuf, chaquopy-hdf5, chaquopy-libgfortran, chaquopy-openblas, numpy, h5py, keras-applications, keras-preprocessing, google-pasta, wrapt, chaquopy-libcxx, grpcio, wheel, absl-py, cachetools, pyasn1, pyasn1-modules, rsa, google-auth, oauthlib, idna, charset-normalizer, urllib3, certifi, requests, requests-oauthlib, google-auth-oauthlib, MarkupSafe, werkzeug, zipp, importlib-metadata, markdown, tensorboard, gast, opt-einsum, tensorflow-estimator, astor, termcolor, tensorflow, scipy, python-dateutil, pytz, pandas, threadpoolctl, chaquopy-libomp, joblib, scikit-learn, click, regex, tqdm, nltk
Successfully installed MarkupSafe-2.1.5 absl-py-2.3.1 astor-0.8.1 cachetools-4.2.4 certifi-2026.7.22 chaquopy-hdf5-1.10.2 chaquopy-libcxx-180000 chaquopy-libgfortran-4.9 chaquopy-libomp-9.0.9 chaquopy-openblas-0.2.20 charset-normalizer-3.5.1 click-8.1.8 gast-0.2.2 google-auth-1.35.0 google-auth-oauthlib-0.4.6 google-pasta-0.2.0 grpcio-1.59.3 h5py-2.10.0 idna-3.15 importlib-metadata-8.5.0 joblib-1.4.2 keras-applications-1.0.8 keras-preprocessing-1.1.2 markdown-3.7 nltk-3.9.1 numpy-1.19.5 oauthlib-3.3.1 opt-einsum-3.4.0 pandas-1.3.2 protobuf-3.11.3 pyasn1-0.6.4 pyasn1-modules-0.4.2 python-dateutil-2.9.0.post0 pytz-2026.3.post1 regex-2023.10.3 requests-2.32.4 requests-oauthlib-2.0.0 rsa-4.9.1 scikit-learn-1.1.3 scipy-1.4.1 setuptools-75.3.4 six-1.17.0 tensorboard-2.1.1 tensorflow-2.1.0 tensorflow-estimator-2.1.0 termcolor-2.4.0 threadpoolctl-3.5.0 tqdm-4.70.0 urllib3-2.2.3 werkzeug-3.0.6 wheel-0.45.1 wrapt-2.0.1 zipp-3.20.2
Chaquopy: Installing for armeabi-v7a
Looking in indexes: https://pypi.org/simple, https://chaquo.com/pypi-13.1
Collecting chaquopy-hdf5==1.10.2
  Using cached https://chaquo.com/pypi-13.1/chaquopy-hdf5/chaquopy_hdf5-1.10.2-1-py3-none-android_16_armeabi_v7a.whl (1.8 MB)
Collecting chaquopy-libcxx==180000
  Using cached https://chaquo.com/pypi-13.1/chaquopy-libcxx/chaquopy_libcxx-180000-0-py3-none-android_24_armeabi_v7a.whl (355 kB)
Collecting chaquopy-libgfortran==4.9
  Using cached https://chaquo.com/pypi-13.1/chaquopy-libgfortran/chaquopy_libgfortran-4.9-0-py3-none-android_16_armeabi_v7a.whl (394 kB)
Collecting chaquopy-libomp==9.0.9
  Using cached https://chaquo.com/pypi-13.1/chaquopy-libomp/chaquopy_libomp-9.0.9-0-py3-none-android_16_armeabi_v7a.whl (246 kB)
Collecting chaquopy-openblas==0.2.20
  Using cached https://chaquo.com/pypi-13.1/chaquopy-openblas/chaquopy_openblas-0.2.20-5-py3-none-android_16_armeabi_v7a.whl (4.0 MB)
Collecting grpcio==1.59.3
  Using cached https://chaquo.com/pypi-13.1/grpcio/grpcio-1.59.3-0-cp38-cp38-android_21_armeabi_v7a.whl (3.4 MB)
Collecting h5py==2.10.0
  Using cached https://chaquo.com/pypi-13.1/h5py/h5py-2.10.0-1-cp38-cp38-android_16_armeabi_v7a.whl (976 kB)
Collecting numpy==1.19.5
  Using cached https://chaquo.com/pypi-13.1/numpy/numpy-1.19.5-0-cp38-cp38-android_16_armeabi_v7a.whl (3.7 MB)
Collecting pandas==1.3.2
  Using cached https://chaquo.com/pypi-13.1/pandas/pandas-1.3.2-0-cp38-cp38-android_16_armeabi_v7a.whl (9.9 MB)
Collecting regex==2023.10.3
  Using cached https://chaquo.com/pypi-13.1/regex/regex-2023.10.3-0-cp38-cp38-android_21_armeabi_v7a.whl (279 kB)
Collecting scikit-learn==1.1.3
  Using cached https://chaquo.com/pypi-13.1/scikit-learn/scikit_learn-1.1.3-1-cp38-cp38-android_21_armeabi_v7a.whl (7.1 MB)
Collecting scipy==1.4.1
  Using cached https://chaquo.com/pypi-13.1/scipy/scipy-1.4.1-0-cp38-cp38-android_16_armeabi_v7a.whl (15.0 MB)
Collecting tensorflow==2.1.0
  Using cached https://chaquo.com/pypi-13.1/tensorflow/tensorflow-2.1.0-9-cp38-cp38-android_16_armeabi_v7a.whl (61.5 MB)
Installing collected packages: chaquopy-hdf5, chaquopy-libcxx, chaquopy-libgfortran, chaquopy-libomp, chaquopy-openblas, grpcio, h5py, numpy, pandas, regex, scikit-learn, scipy, tensorflow
Successfully installed chaquopy-hdf5-1.10.2 chaquopy-libcxx-180000 chaquopy-libgfortran-4.9 chaquopy-libomp-9.0.9 chaquopy-openblas-0.2.20 grpcio-1.59.3 h5py-2.10.0 numpy-1.19.5 pandas-1.3.2 regex-2023.10.3 scikit-learn-1.1.3 scipy-1.4.1 tensorflow-2.1.0
Chaquopy: Installing for x86
Looking in indexes: https://pypi.org/simple, https://chaquo.com/pypi-13.1
Collecting chaquopy-hdf5==1.10.2
  Using cached https://chaquo.com/pypi-13.1/chaquopy-hdf5/chaquopy_hdf5-1.10.2-1-py3-none-android_16_x86.whl (2.4 MB)
Collecting chaquopy-libcxx==180000
  Using cached https://chaquo.com/pypi-13.1/chaquopy-libcxx/chaquopy_libcxx-180000-0-py3-none-android_24_x86.whl (444 kB)
Collecting chaquopy-libgfortran==4.9
  Using cached https://chaquo.com/pypi-13.1/chaquopy-libgfortran/chaquopy_libgfortran-4.9-0-py3-none-android_16_x86.whl (408 kB)
Collecting chaquopy-libomp==9.0.9
  Using cached https://chaquo.com/pypi-13.1/chaquopy-libomp/chaquopy_libomp-9.0.9-0-py3-none-android_16_x86.whl (271 kB)
Collecting chaquopy-openblas==0.2.20
  Using cached https://chaquo.com/pypi-13.1/chaquopy-openblas/chaquopy_openblas-0.2.20-5-py3-none-android_16_x86.whl (4.5 MB)
Collecting grpcio==1.59.3
  Using cached https://chaquo.com/pypi-13.1/grpcio/grpcio-1.59.3-0-cp38-cp38-android_21_x86.whl (3.7 MB)
Collecting h5py==2.10.0
  Using cached https://chaquo.com/pypi-13.1/h5py/h5py-2.10.0-1-cp38-cp38-android_16_x86.whl (981 kB)
Collecting numpy==1.19.5
  Using cached https://chaquo.com/pypi-13.1/numpy/numpy-1.19.5-0-cp38-cp38-android_16_x86.whl (4.1 MB)
Collecting pandas==1.3.2
  Using cached https://chaquo.com/pypi-13.1/pandas/pandas-1.3.2-0-cp38-cp38-android_16_x86.whl (10.2 MB)
Collecting regex==2023.10.3
  Using cached https://chaquo.com/pypi-13.1/regex/regex-2023.10.3-0-cp38-cp38-android_21_x86.whl (295 kB)
Collecting scikit-learn==1.1.3
  Using cached https://chaquo.com/pypi-13.1/scikit-learn/scikit_learn-1.1.3-1-cp38-cp38-android_21_x86.whl (7.2 MB)
Collecting scipy==1.4.1
  Using cached https://chaquo.com/pypi-13.1/scipy/scipy-1.4.1-0-cp38-cp38-android_16_x86.whl (15.6 MB)
Collecting tensorflow==2.1.0
  Using cached https://chaquo.com/pypi-13.1/tensorflow/tensorflow-2.1.0-9-cp38-cp38-android_16_x86.whl (75.5 MB)
Installing collected packages: chaquopy-hdf5, chaquopy-libcxx, chaquopy-libgfortran, chaquopy-libomp, chaquopy-openblas, grpcio, h5py, numpy, pandas, regex, scikit-learn, scipy, tensorflow
Successfully installed chaquopy-hdf5-1.10.2 chaquopy-libcxx-180000 chaquopy-libgfortran-4.9 chaquopy-libomp-9.0.9 chaquopy-openblas-0.2.20 grpcio-1.59.3 h5py-2.10.0 numpy-1.19.5 pandas-1.3.2 regex-2023.10.3 scikit-learn-1.1.3 scipy-1.4.1 tensorflow-2.1.0
Chaquopy: Installing for x86_64
Looking in indexes: https://pypi.org/simple, https://chaquo.com/pypi-13.1
Collecting chaquopy-hdf5==1.10.2
  Using cached https://chaquo.com/pypi-13.1/chaquopy-hdf5/chaquopy_hdf5-1.10.2-1-py3-none-android_21_x86_64.whl (1.8 MB)
Collecting chaquopy-libcxx==180000
  Using cached https://chaquo.com/pypi-13.1/chaquopy-libcxx/chaquopy_libcxx-180000-0-py3-none-android_24_x86_64.whl (422 kB)
Collecting chaquopy-libgfortran==4.9
  Using cached https://chaquo.com/pypi-13.1/chaquopy-libgfortran/chaquopy_libgfortran-4.9-0-py3-none-android_21_x86_64.whl (541 kB)
Collecting chaquopy-libomp==9.0.9
  Using cached https://chaquo.com/pypi-13.1/chaquopy-libomp/chaquopy_libomp-9.0.9-0-py3-none-android_21_x86_64.whl (308 kB)
Collecting chaquopy-openblas==0.2.20
  Using cached https://chaquo.com/pypi-13.1/chaquopy-openblas/chaquopy_openblas-0.2.20-5-py3-none-android_21_x86_64.whl (5.3 MB)
Collecting grpcio==1.59.3
  Using cached https://chaquo.com/pypi-13.1/grpcio/grpcio-1.59.3-0-cp38-cp38-android_21_x86_64.whl (4.0 MB)
Collecting h5py==2.10.0
  Using cached https://chaquo.com/pypi-13.1/h5py/h5py-2.10.0-1-cp38-cp38-android_21_x86_64.whl (1.2 MB)
Collecting numpy==1.19.5
  Using cached https://chaquo.com/pypi-13.1/numpy/numpy-1.19.5-0-cp38-cp38-android_21_x86_64.whl (4.6 MB)
Collecting pandas==1.3.2
  Using cached https://chaquo.com/pypi-13.1/pandas/pandas-1.3.2-0-cp38-cp38-android_21_x86_64.whl (10.9 MB)
Collecting regex==2023.10.3
  Using cached https://chaquo.com/pypi-13.1/regex/regex-2023.10.3-0-cp38-cp38-android_21_x86_64.whl (303 kB)
Collecting scikit-learn==1.1.3
  Using cached https://chaquo.com/pypi-13.1/scikit-learn/scikit_learn-1.1.3-1-cp38-cp38-android_21_x86_64.whl (7.7 MB)
Collecting scipy==1.4.1
  Using cached https://chaquo.com/pypi-13.1/scipy/scipy-1.4.1-0-cp38-cp38-android_21_x86_64.whl (17.7 MB)
Collecting tensorflow==2.1.0
  Using cached https://chaquo.com/pypi-13.1/tensorflow/tensorflow-2.1.0-9-cp38-cp38-android_21_x86_64.whl (80.2 MB)
Installing collected packages: chaquopy-hdf5, chaquopy-libcxx, chaquopy-libgfortran, chaquopy-libomp, chaquopy-openblas, grpcio, h5py, numpy, pandas, regex, scikit-learn, scipy, tensorflow
Successfully installed chaquopy-hdf5-1.10.2 chaquopy-libcxx-180000 chaquopy-libgfortran-4.9 chaquopy-libomp-9.0.9 chaquopy-openblas-0.2.20 grpcio-1.59.3 h5py-2.10.0 numpy-1.19.5 pandas-1.3.2 regex-2023.10.3 scikit-learn-1.1.3 scipy-1.4.1 tensorflow-2.1.0
Warning: Failed to compile to .pyc format: buildPython version 3.13.9 is incompatible. See https://chaquo.com/chaquopy/doc/current/android.html#android-bytecode.

Deprecated Gradle features were used in this build, making it incompatible with Gradle 9.0.

You can use '--warning-mode all' to show the individual deprecation warnings and determine if they come from your own scripts or plugins.

For more on this, please refer to https://docs.gradle.org/8.9/userguide/command_line_interface.html#sec:command_line_warnings in the Gradle documentation.

BUILD SUCCESSFUL in 12m 34s
2 actionable tasks: 1 executed, 1 up-to-date
